src/controllers/partner/partner.controller.ts(198,9): error TS2353: Object literal may only specify known properties, and 'vendorId' does not exist in type '{ vendorCustomId: string; partnerCustomId: string; vehicleCustomId: string; }'.
src/controllers/vendor/vendor.controller.ts(165,9): error TS2353: Object literal may only specify known properties, and 'vendorId' does not exist in type '{ vendorCustomId: string; partnerCustomId: string; vehicleCustomId: string; }'.
